                                                                                                                                                                                                                                                                                                                                                                                                                                                                                                                      collected 1 item

tests/test_call_logs_api.py::TestFetchAndProcessCallLogs::test_fetch_and_process_combined Loaded environment from /home/mo/projects/Hackathon/longevity_clinic/.env
DeprecationWarning: rx.Base has been deprecated in version 0.8.15. <class 
'reflex_audio_capture.audio_capture.MediaDeviceInfo'> is subclassing rx.Base. You can subclass
from `pydantic.BaseModel` directly instead or use dataclasses if possible. It will be 
completely removed in 0.9.0. (<frozen abc>:106)
2025-12-06 13:14:43,701 - test_call_logs_api - INFO - ============================================================
2025-12-06 13:14:43,702 - test_call_logs_api - INFO - TEST: fetch_and_process_call_logs(phone=+12126804645)
2025-12-06 13:14:43,702 - test_call_logs_api - INFO - ============================================================
2025-12-06 13:14:43,702 - test_call_logs_api - INFO - 
--- STEP 1: Raw API Response ---
2025-12-06 13:14:43,702 - longevity_clinic.functions - INFO - Fetching call logs (phone=+12126804645, limit=5, page=1)
2025-12-06 13:14:43,702 - longevity_clinic.functions - INFO - Fetching call logs (phone=+12126804645, limit=5, page=1)
2025-12-06 13:14:43,848 - longevity_clinic.functions - INFO - Fetched 2 call logs
2025-12-06 13:14:43,848 - longevity_clinic.functions - INFO - Fetched 2 call logs
2025-12-06 13:14:43,848 - test_call_logs_api - INFO - Raw call logs count: 2
2025-12-06 13:14:43,848 - test_call_logs_api - INFO - 
[RAW CALL LOG 1]:
2025-12-06 13:14:43,848 - test_call_logs_api - INFO -   call_id: 4b8943d0-6595-41d9-abf6-0eb0abd169c3
2025-12-06 13:14:43,848 - test_call_logs_api - INFO -   caller_phone: {'phone_number': '+12126804645', 'user_created': '18166c40-d589-438a-8251-2c84c76949d1', 'date_created': '2025-04-26T00:21:16.359Z', 'user_updated': '18166c40-d589-438a-8251-2c84c76949d1', 'date_updated': '2025-04-26T00:28:40.541Z', 'first_call_date': '2025-04-26T05:51:14', 'last_call_date': '2025-04-26T05:58:39', 'notes': None, 'customer_name': None, 'calls': [314, 315]}
2025-12-06 13:14:43,848 - test_call_logs_api - INFO -   call_date: 2025-04-26T05:58:39
2025-12-06 13:14:43,848 - test_call_logs_api - INFO -   call_duration: 0 seconds
2025-12-06 13:14:43,848 - test_call_logs_api - INFO -   summary: N/A
2025-12-06 13:14:43,849 - test_call_logs_api - INFO -   transcript_length: 88 chars
2025-12-06 13:14:43,849 - test_call_logs_api - INFO -   transcript_preview: AI: Hey. Sarah speaking here. How are you doing? It seems like the message got cut off.
...
2025-12-06 13:14:43,849 - test_call_logs_api - INFO - 
[RAW CALL LOG 2]:
2025-12-06 13:14:43,849 - test_call_logs_api - INFO -   call_id: 871dd0b7-0d36-45a9-a29d-218f71aa0a28
2025-12-06 13:14:43,849 - test_call_logs_api - INFO -   caller_phone: {'phone_number': '+12126804645', 'user_created': '18166c40-d589-438a-8251-2c84c76949d1', 'date_created': '2025-04-26T00:21:16.359Z', 'user_updated': '18166c40-d589-438a-8251-2c84c76949d1', 'date_updated': '2025-04-26T00:28:40.541Z', 'first_call_date': '2025-04-26T05:51:14', 'last_call_date': '2025-04-26T05:58:39', 'notes': None, 'customer_name': None, 'calls': [314, 315]}
2025-12-06 13:14:43,849 - test_call_logs_api - INFO -   call_date: 2025-04-26T05:51:14
2025-12-06 13:14:43,849 - test_call_logs_api - INFO -   call_duration: 0 seconds
2025-12-06 13:14:43,849 - test_call_logs_api - INFO -   summary: Sarah spoke with a caller who shared they were feeling sad because their grandmother is sick. Despite the grandmother telling them not to worry, the caller expressed difficulty not being concerned abo
2025-12-06 13:14:43,849 - test_call_logs_api - INFO -   transcript_length: 741 chars
2025-12-06 13:14:43,849 - test_call_logs_api - INFO -   transcript_preview: AI: Hey. Sarah speaking here. How are you doing?
User: Hey. I'm a little sad today.
AI: Oh, I'm sorry to hear that. You want to talk about what's making you feel sad? Sometimes just sharing it can lighten the load a bit.
User: Yeah.
AI: Uh, okay.
User: My grandmother is a little sick right now, and ...
2025-12-06 13:14:43,849 - test_call_logs_api - INFO - 
--- STEP 2: Processing Call Logs ---
2025-12-06 13:14:43,849 - longevity_clinic.functions - INFO - Fetching call logs (phone=+12126804645, limit=5, page=1)
2025-12-06 13:14:43,849 - longevity_clinic.functions - INFO - Fetching call logs (phone=+12126804645, limit=5, page=1)
2025-12-06 13:14:43,931 - longevity_clinic.functions - INFO - Fetched 2 call logs
2025-12-06 13:14:43,931 - longevity_clinic.functions - INFO - Fetched 2 call logs
[DEBUG] process_call_logs ENTERED: 2 logs, use_llm=False
2025-12-06 13:14:43,931 - test_call_logs_api - INFO - Processing result: 2 new, 2 checkins, 2 summaries
2025-12-06 13:14:43,931 - test_call_logs_api - INFO - 
--- STEP 3: Processed CheckIns (Pydantic Dict) ---
2025-12-06 13:14:43,931 - test_call_logs_api - INFO - 
[CHECKIN 1]:
2025-12-06 13:14:43,931 - test_call_logs_api - INFO -   id: call_4b8943d0-6595-41d9-abf6-0eb0abd169c3
2025-12-06 13:14:43,931 - test_call_logs_api - INFO -   type: call
2025-12-06 13:14:43,931 - test_call_logs_api - INFO -   timestamp: April 26, 2025 at 05:58 AM
2025-12-06 13:14:43,931 - test_call_logs_api - INFO -   summary: AI: Hey. Sarah speaking here. How are you doing? It seems like the message got cut off.

2025-12-06 13:14:43,931 - test_call_logs_api - INFO -   topics: None
2025-12-06 13:14:43,931 - test_call_logs_api - INFO -   Full CheckIn dict: {
    "id": "call_4b8943d0-6595-41d9-abf6-0eb0abd169c3",
    "type": "call",
    "summary": "AI: Hey. Sarah speaking here. How are you doing? It seems like the message got cut off.\n",
    "timestamp": "April 26, 2025 at 05:58 AM",
    "sentiment": "neutral",
    "key_topics": [
        "voice call"
    ],
    "provider_reviewed": false,
    "patient_name": "Demo Patient (Sarah Chen)"
}
2025-12-06 13:14:43,931 - test_call_logs_api - INFO - 
[CHECKIN 2]:
2025-12-06 13:14:43,931 - test_call_logs_api - INFO -   id: call_871dd0b7-0d36-45a9-a29d-218f71aa0a28
2025-12-06 13:14:43,931 - test_call_logs_api - INFO -   type: call
2025-12-06 13:14:43,931 - test_call_logs_api - INFO -   timestamp: April 26, 2025 at 05:51 AM
2025-12-06 13:14:43,932 - test_call_logs_api - INFO -   summary: Sarah spoke with a caller who shared they were feeling sad because their grandmother is sick. Despite the grandmother telling them not to worry, the caller expressed difficulty not being concerned about her health.
2025-12-06 13:14:43,932 - test_call_logs_api - INFO -   topics: None
2025-12-06 13:14:43,932 - test_call_logs_api - INFO -   Full CheckIn dict: {
    "id": "call_871dd0b7-0d36-45a9-a29d-218f71aa0a28",
    "type": "call",
    "summary": "Sarah spoke with a caller who shared they were feeling sad because their grandmother is sick. Despite the grandmother telling them not to worry, the caller expressed difficulty not being concerned about her health.",
    "timestamp": "April 26, 2025 at 05:51 AM",
    "sentiment": "neutral",
    "key_topics": [
        "voice call"
    ],
    "provider_reviewed": false,
    "patient_name": "Demo Patient (Sarah Chen)"
}
2025-12-06 13:14:43,932 - test_call_logs_api - INFO - 
--- STEP 4: Transcript Summaries Dict ---
2025-12-06 13:14:43,932 - test_call_logs_api - INFO - 
[SUMMARY for 4b8943d0-6595-41d9-abf6-0eb0abd169c3]:
2025-12-06 13:14:43,932 - test_call_logs_api - INFO -   {'call_id': '4b8943d0-6595-41d9-abf6-0eb0abd169c3', 'patient_phone': '+12126804645', 'call_date': '2025-04-26T05:58:39', 'summary': '', 'ai_summary': 'AI: Hey. Sarah speaking here. How are you doing? It seems like the message got cut off.\n', 'type': 'call', 'timestamp': 'April 26, 2025 at 05:58 AM'}
2025-12-06 13:14:43,932 - test_call_logs_api - INFO - 
[SUMMARY for 871dd0b7-0d36-45a9-a29d-218f71aa0a28]:
2025-12-06 13:14:43,932 - test_call_logs_api - INFO -   {'call_id': '871dd0b7-0d36-45a9-a29d-218f71aa0a28', 'patient_phone': '+12126804645', 'call_date': '2025-04-26T05:51:14', 'summary': 'Sarah spoke with a caller who shared they were feeling sad because their grandmother is sick. Despite the grandmother telling them not to worry, the caller expressed difficulty not being concerned about her health.', 'ai_summary': 'Sarah spoke with a caller who shared they were feeling sad because their grandmother is sick. Despite the grandmother telling them not to worry, the caller expressed difficulty not being concerned about her health.', 'type': 'call', 'timestamp': 'April 26, 2025 at 05:51 AM'}
2025-12-06 13:14:43,932 - test_call_logs_api - INFO - 
============================================================
2025-12-06 13:14:43,932 - test_call_logs_api - INFO - TEST COMPLETE: All assertions passed
2025-12-06 13:14:43,932 - test_call_logs_api - INFO - ============================================================
PASSED

============================== 1 passed in 1.92s ===============================
